../Core/Src/main.c:80:7:get_ADC	32	static
../Core/Src/main.c:88:6:SendADCValue	24	static
../Core/Src/main.c:98:6:HAL_TIM_PeriodElapsedCallback	16	static
../Core/Src/main.c:107:6:HAL_UARTEx_RxEventCallback	24	static
../Core/Src/main.c:118:6:HAL_UART_TxCpltCallback	16	static
../Core/Src/main.c:135:5:main	8	static
../Core/Src/main.c:191:6:SystemClock_Config	88	static
../Core/Src/main.c:233:13:MX_ADC1_Init	24	static
../Core/Src/main.c:285:13:MX_TIM2_Init	32	static
../Core/Src/main.c:330:13:MX_USART2_UART_Init	8	static
../Core/Src/main.c:361:13:MX_DMA_Init	16	static
../Core/Src/main.c:382:13:MX_GPIO_Init	16	static
../Core/Src/main.c:403:6:Error_Handler	4	static,ignoring_inline_asm
